#-----------------------------------------------------------
# Vivado v2019.1 (64-bit)
# SW Build 2552052 on Fri May 24 14:49:42 MDT 2019
# IP Build 2548770 on Fri May 24 18:01:18 MDT 2019
# Start of session at: Wed Feb 10 08:27:54 2021
# Process ID: 1564
# Current directory: C:/Users/horse/Documents/Xilinx_Projects/cmpe691/hw1proj
# Command line: vivado.exe -gui_launcher_event rodinguilauncherevent13284 C:\Users\horse\Documents\Xilinx_Projects\cmpe691\hw1proj\hw1proj.xpr
# Log file: C:/Users/horse/Documents/Xilinx_Projects/cmpe691/hw1proj/vivado.log
# Journal file: C:/Users/horse/Documents/Xilinx_Projects/cmpe691/hw1proj\vivado.jou
#-----------------------------------------------------------
start_gui
open_project C:/Users/horse/Documents/Xilinx_Projects/cmpe691/hw1proj/hw1proj.xpr
update_compile_order -fileset sources_1
launch_simulation
launch_simulation
source vignere_tb.tcl
run 50 ns
relaunch_sim
relaunch_sim
run all
run 50 ns
relaunch_sim
run 50 ns
run 50 ns
relaunch_sim
relaunch_sim
run 50 ns
run 50 ns
relaunch_sim
close_sim
launch_simulation
source vignere_tb.tcl
run 50 ns
relaunch_sim
run 50 ns
relaunch_sim
run 50 ns
relaunch_sim
relaunch_sim
relaunch_sim
relaunch_sim
relaunch_sim
close_sim
launch_simulation
source vignere_tb.tcl
close_sim
